R --version
R version 3.4.4 (2018-03-15) -- "Someone to Lean On"
Copyright (C) 2018 The R Foundation for Statistical Computing
Platform: x86_64-pc-linux-gnu (64-bit)

R library info: 
> packageVersion('methods')
[1] ‘3.4.4’
> packageVersion('data.table')
[1] ‘1.11.8’
> packageVersion('kernlabl')
Error in packageVersion("kernlabl") : package ‘kernlabl’ not found
> packageVersion('kernlab')
[1] ‘0.9.27’
> packageVersion('ggplot2')
[1] ‘3.1.0’
> packageVersion('plyr')
[1] ‘1.8.4’
> packageVersion('cowplot')
[1] ‘0.9.3’
> packageVersion('viridis')
[1] ‘0.5.1’